// Jest Snapshot v1, https://goo.gl/fbAQLP

exports[`<StyledCard /> should render and match the snapshot 1`] = `
<React.Suspense
  fallback={null}
>
  <UNDEFINED>
    Card
  </UNDEFINED>
</React.Suspense>
`;
